// Jest Snapshot v1, https://goo.gl/fbAQLP

exports[`App renders correctly 1`] = `
<DocumentFragment>
  <div
    class="app"
  >
    <h1>
      tech test
    </h1>
  </div>
</DocumentFragment>
`;
